../Drivers/STM32F4xx_HAL_Driver/Src/stm32f4xx_hal_adc_ex.c:146:19:HAL_ADCEx_InjectedStart	32	static
../Drivers/STM32F4xx_HAL_Driver/Src/stm32f4xx_hal_adc_ex.c:237:19:HAL_ADCEx_InjectedStart_IT	32	static
../Drivers/STM32F4xx_HAL_Driver/Src/stm32f4xx_hal_adc_ex.c:336:19:HAL_ADCEx_InjectedStop	24	static
../Drivers/STM32F4xx_HAL_Driver/Src/stm32f4xx_hal_adc_ex.c:385:19:HAL_ADCEx_InjectedPollForConversion	24	static
../Drivers/STM32F4xx_HAL_Driver/Src/stm32f4xx_hal_adc_ex.c:450:19:HAL_ADCEx_InjectedStop_IT	24	static
../Drivers/STM32F4xx_HAL_Driver/Src/stm32f4xx_hal_adc_ex.c:507:10:HAL_ADCEx_InjectedGetValue	24	static
../Drivers/STM32F4xx_HAL_Driver/Src/stm32f4xx_hal_adc_ex.c:553:19:HAL_ADCEx_MultiModeStart_DMA	32	static
../Drivers/STM32F4xx_HAL_Driver/Src/stm32f4xx_hal_adc_ex.c:668:19:HAL_ADCEx_MultiModeStop_DMA	24	static
../Drivers/STM32F4xx_HAL_Driver/Src/stm32f4xx_hal_adc_ex.c:719:10:HAL_ADCEx_MultiModeGetValue	24	static
../Drivers/STM32F4xx_HAL_Driver/Src/stm32f4xx_hal_adc_ex.c:737:13:HAL_ADCEx_InjectedConvCpltCallback	16	static
../Drivers/STM32F4xx_HAL_Driver/Src/stm32f4xx_hal_adc_ex.c:753:19:HAL_ADCEx_InjectedConfigChannel	24	static
../Drivers/STM32F4xx_HAL_Driver/Src/stm32f4xx_hal_adc_ex.c:918:19:HAL_ADCEx_MultiModeConfigChannel	24	static
../Drivers/STM32F4xx_HAL_Driver/Src/stm32f4xx_hal_adc_ex.c:965:13:ADC_MultiModeDMAConvCplt	24	static
../Drivers/STM32F4xx_HAL_Driver/Src/stm32f4xx_hal_adc_ex.c:1014:13:ADC_MultiModeDMAHalfConvCplt	24	static
../Drivers/STM32F4xx_HAL_Driver/Src/stm32f4xx_hal_adc_ex.c:1027:13:ADC_MultiModeDMAError	24	static
