../Core/Src/main.c:129:6:HAL_GPIO_EXTI_Callback	16	static
../Core/Src/main.c:144:6:HAL_UART_RxCpltCallback	16	static
../Core/Src/main.c:166:9:calculate_crc8	24	static
../Core/Src/main.c:210:5:main	160	static
../Core/Src/main.c:304:6:SystemClock_Config	88	static
../Core/Src/main.c:357:13:MX_ADC1_Init	24	static
../Core/Src/main.c:409:13:MX_TIM1_Init	96	static
../Core/Src/main.c:488:13:MX_USART6_UART_Init	8	static
../Core/Src/main.c:521:13:MX_GPIO_Init	48	static
../Core/Src/main.c:581:7:readTemp	24	static
../Core/Src/main.c:597:6:StartTaskReceiveData	16	static
../Core/Src/main.c:696:6:StartTaskHeater	16	static
../Core/Src/main.c:728:6:StartTaskFan	16	static
../Core/Src/main.c:756:6:StartTaskSendData	24	static
../Core/Src/main.c:813:6:StartTaskReadTemp	24	static
../Core/Src/main.c:833:6:Error_Handler	4	static,ignoring_inline_asm
