../Core/Src/main.c:144:6:HAL_GPIO_EXTI_Callback	16	static
../Core/Src/main.c:191:9:calculate_crc8	24	static
../Core/Src/main.c:205:6:HAL_UARTEx_RxEventCallback	16	static
../Core/Src/main.c:248:5:main	160	static
../Core/Src/main.c:346:6:SystemClock_Config	88	static
../Core/Src/main.c:399:13:MX_ADC1_Init	24	static
../Core/Src/main.c:451:13:MX_TIM1_Init	96	static
../Core/Src/main.c:530:13:MX_USART6_UART_Init	8	static
../Core/Src/main.c:561:13:MX_DMA_Init	16	static
../Core/Src/main.c:579:13:MX_GPIO_Init	56	static
../Core/Src/main.c:640:7:readTemp	24	static
../Core/Src/main.c:648:6:Parse	24	static
../Core/Src/main.c:699:6:PrepareData	32	static
../Core/Src/main.c:730:6:StartTaskReceiveData	24	static
../Core/Src/main.c:854:6:StartTaskHeater	16	static
../Core/Src/main.c:883:6:StartTaskFan	16	static
../Core/Src/main.c:919:6:StartTaskSendData	40	static
../Core/Src/main.c:980:6:StartTaskReadTemp	24	static
../Core/Src/main.c:999:6:Error_Handler	4	static,ignoring_inline_asm
