../Core/Src/stm32f4xx_it.c:71:6:NMI_Handler	4	static
../Core/Src/stm32f4xx_it.c:84:6:HardFault_Handler	4	static
../Core/Src/stm32f4xx_it.c:97:6:MemManage_Handler	4	static
../Core/Src/stm32f4xx_it.c:110:6:BusFault_Handler	4	static
../Core/Src/stm32f4xx_it.c:123:6:UsageFault_Handler	4	static
../Core/Src/stm32f4xx_it.c:136:6:DebugMon_Handler	4	static
../Core/Src/stm32f4xx_it.c:148:6:SysTick_Handler	8	static
../Core/Src/stm32f4xx_it.c:175:6:EXTI4_IRQHandler	8	static
../Core/Src/stm32f4xx_it.c:188:6:EXTI9_5_IRQHandler	8	static
../Core/Src/stm32f4xx_it.c:201:6:USART6_IRQHandler	8	static
